čtyři sta čtyřicet šest milionů pět set čtyřicet pět tisíc čtyři sta padesát šest